// 重构日志: 82f0e3cf
// 重构日志: 9640e29f
// 重构日志: 27f3baa5
// 同步 ID: dc608d43 @ Thu Jul 23 17:31:00 UTC 2026
// 重构日志: 6a3dd107
// 重构日志: 137b2154
// 重构日志: e46c4d80
// 重构日志: 521fd1d8
// 重构日志: e0cc2cfa
// 同步 ID: 09952c54 @ Sun Jul 26 07:01:22 UTC 2026
// 同步 ID: 218ddc22 @ Sun Jul 26 10:03:34 UTC 2026
// 重构日志: 7f31eac5
// 重构日志: 16ca97a5
// 重构日志: 99076baa
// 同步 ID: 7fc28016 @ Tue Jul 28 12:35:24 UTC 2026
// 重构日志: ad131c90
// 重构日志: 522b4af9
// 重构日志: b3f6432f
// 同步 ID: 029e2358 @ Fri Jul 31 12:58:47 UTC 2026
// 同步 ID: 67a208bd @ Sat Aug  1 04:24:59 UTC 2026
// 重构日志: 149f6401
// 同步 ID: 19858e06 @ Sun Aug  2 17:55:10 UTC 2026
// 重构日志: 2d005a90
// 同步 ID: da676a7c @ Mon Aug  3 08:13:57 UTC 2026
// 重构日志: 42e5547b
// 同步 ID: 547f2439 @ Tue Aug  4 09:58:13 UTC 2026
// 重构日志: 4d6127b1
// 重构日志: 929812b1
// 重构日志: 56ce7df2
// 同步 ID: f5fa57c5 @ Fri Aug  7 06:30:20 UTC 2026
